// Jest Snapshot v1, https://goo.gl/fbAQLP

exports[`ActivityFeed does not fail for invalid values 1`] = `
<View
  style={
    Array [
      Object {
        "flexBasis": 0,
        "flexGrow": 1,
        "flexShrink": 1,
      },
      undefined,
    ]
  }
>
  <RCTScrollView
    contentContainerStyle={
      Array [
        Object {},
        undefined,
      ]
    }
    data={
      Array [
        Object {
          "component": undefined,
          "type": "HEADER",
        },
        Object {
          "component": undefined,
          "type": "TABS",
        },
        Object {
          "section": Object {
            "date": "Invalid Date",
            "title": "Invalid Date",
          },
          "type": "SECTION",
        },
        Object {
          "item": Object {
            "createdAt": "2019-09-09 12:00",
            "from": "0x0000000000000000000000000000000000000000",
            "to": "0x0000000000000000000000000000000000000000",
            "type": "transactionEvent",
            "value": undefined,
          },
          "type": "ITEM",
        },
      ]
    }
    disableVirtualization={false}
    getItem={[Function]}
    getItemCount={[Function]}
    horizontal={false}
    initialNumToRender={7}
    keyExtractor={[Function]}
    maxToRenderPerBatch={10}
    numColumns={1}
    onContentSizeChange={[Function]}
    onEndReachedThreshold={0.5}
    onLayout={[Function]}
    onMomentumScrollEnd={[Function]}
    onScroll={[Function]}
    onScrollBeginDrag={[Function]}
    onScrollEndDrag={[Function]}
    removeClippedSubviews={false}
    renderItem={[Function]}
    scrollEventThrottle={50}
    stickyHeaderIndices={
      Array [
        1,
      ]
    }
    style={
      Array [
        Object {
          "flexBasis": 0,
          "flexGrow": 1,
          "flexShrink": 1,
          "width": "100%",
        },
        undefined,
      ]
    }
    updateCellsBatchingPeriod={50}
    viewabilityConfigCallbackPairs={Array []}
    windowSize={21}
  >
    <View>
      <View
        onLayout={[Function]}
        style={null}
      />
      <View
        onLayout={[Function]}
        style={null}
      />
      <View
        onLayout={[Function]}
        style={null}
      >
        <View
          style={
            Array [
              Object {
                "paddingBottom": 8,
                "paddingLeft": 20,
                "paddingRight": 20,
                "paddingTop": 8,
                "width": "100%",
              },
              undefined,
            ]
          }
        >
          <Text
            style={
              Array [
                Object {
                  "color": "#0A1427",
                  "fontFamily": "EuclidCircularB-Regular",
                  "textAlignVertical": "center",
                },
                Array [
                  Object {
                    "color": "#8B939E",
                    "fontSize": 14,
                    "lineHeight": 22,
                  },
                  undefined,
                ],
              ]
            }
          >
            Invalid Date
          </Text>
        </View>
      </View>
      <View
        onLayout={[Function]}
        style={null}
      >
        <View
          style={
            Array [
              Object {
                "flexDirection": "column",
                "width": "100%",
              },
              undefined,
            ]
          }
        >
          <View
            accessible={true}
            focusable={true}
            isTVSelectable={true}
            onClick={[Function]}
            onResponderGrant={[Function]}
            onResponderMove={[Function]}
            onResponderRelease={[Function]}
            onResponderTerminate={[Function]}
            onResponderTerminationRequest={[Function]}
            onStartShouldSetResponder={[Function]}
            style={
              Object {
                "alignItems": "center",
                "flexDirection": "row",
                "justifyContent": "center",
                "opacity": 1,
                "paddingBottom": 14,
                "paddingLeft": 20,
                "paddingRight": 20,
                "paddingTop": 14,
                "width": "100%",
              }
            }
          >
            <View
              style={
                Array [
                  Object {
                    "alignItems": "center",
                    "justifyContent": "center",
                    "paddingRight": 12,
                  },
                  undefined,
                ]
              }
            >
              <View
                backgroundColor={null}
                diameter={48}
                style={
                  Array [
                    Object {
                      "alignItems": "center",
                      "backgroundColor": "#EBF0F6",
                      "borderRadius": 24,
                      "height": 48,
                      "justifyContent": "center",
                      "overflow": "hidden",
                      "textAlign": "center",
                      "width": 48,
                    },
                    undefined,
                  ]
                }
              >
                <View
                  name="sent"
                  style={
                    Array [
                      Object {
                        "color": "#BD573A",
                        "fontSize": 48,
                      },
                      undefined,
                    ]
                  }
                />
              </View>
            </View>
            <View
              style={
                Object {
                  "flex": 1,
                }
              }
            >
              <View
                style={
                  Array [
                    Object {
                      "alignItems": "center",
                      "flexDirection": "row",
                      "justifyContent": "space-between",
                      "width": "100%",
                    },
                    undefined,
                  ]
                }
                type="ACTION"
              >
                <View
                  style={
                    Array [
                      Object {
                        "alignItems": "flex-start",
                        "flexBasis": 0,
                        "flexDirection": "column",
                        "flexGrow": 1,
                        "flexShrink": 1,
                        "justifyContent": "center",
                        "marginTop": 0,
                        "minHeight": 54,
                      },
                      Object {
                        "flexGrow": 1,
                      },
                    ]
                  }
                  type="ACTION"
                >
                  <View
                    style={
                      Array [
                        Object {
                          "alignItems": "center",
                          "flexDirection": "row",
                          "justifyContent": "space-between",
                        },
                        undefined,
                      ]
                    }
                  >
                    <Text
                      ellipsizeMode="tail"
                      numberOfLines={2}
                      style={
                        Array [
                          Object {
                            "color": "#0A1427",
                            "fontFamily": "EuclidCircularB-Regular",
                            "textAlignVertical": "center",
                          },
                          Array [
                            Object {
                              "color": "#0A1427",
                              "fontFamily": "EuclidCircularB-Medium",
                              "textAlignVertical": "center",
                            },
                            Array [
                              Object {
                                "color": "#0A1427",
                                "fontSize": 18,
                                "lineHeight": 28,
                                "width": "100%",
                              },
                              undefined,
                            ],
                          ],
                        ]
                      }
                      type="ACTION"
                    >
                      0x0000â€¦000000
                    </Text>
                  </View>
                </View>
                <View
                  rightColumn={true}
                  style={
                    Array [
                      Object {
                        "alignItems": "flex-end",
                        "flexDirection": "column",
                        "justifyContent": "center",
                        "marginLeft": 10,
                        "marginTop": 0,
                        "minHeight": 54,
                      },
                      Object {
                        "maxWidth": "50%",
                      },
                    ]
                  }
                  type="ACTION"
                >
                  <View
                    style={
                      Array [
                        undefined,
                        Object {
                          "flexWrap": "wrap",
                        },
                      ]
                    }
                  >
                    <View
                      horizontal={true}
                      style={
                        Array [
                          Object {
                            "flexDirection": "row",
                            "marginBottom": 0,
                            "marginLeft": 0,
                            "marginRight": 0,
                            "marginTop": 0,
                          },
                          Object {
                            "alignItems": "center",
                            "flexWrap": "wrap",
                            "justifyContent": "flex-end",
                          },
                        ]
                      }
                    >
                      <Text
                        color="#0A1427"
                        ellipsizeMode="tail"
                        numberOfLines={2}
                        style={
                          Array [
                            Object {
                              "color": "#0A1427",
                              "fontFamily": "EuclidCircularB-Regular",
                              "textAlignVertical": "center",
                            },
                            Array [
                              Object {
                                "color": "#0A1427",
                                "fontSize": 18,
                                "lineHeight": 28,
                                "textAlign": "right",
                              },
                              undefined,
                            ],
                          ]
                        }
                      >
                         0 undefined
                      </Text>
                    </View>
                  </View>
                </View>
              </View>
            </View>
          </View>
        </View>
      </View>
    </View>
  </RCTScrollView>
</View>
`;

exports[`ActivityFeed renders the Asset correctly 1`] = `
<View
  style={
    Array [
      Object {
        "flexBasis": 0,
        "flexGrow": 1,
        "flexShrink": 1,
      },
      undefined,
    ]
  }
>
  <RCTScrollView
    contentContainerStyle={
      Array [
        Object {},
        undefined,
      ]
    }
    data={
      Array [
        Object {
          "component": undefined,
          "type": "HEADER",
        },
        Object {
          "component": undefined,
          "type": "TABS",
        },
        Object {
          "section": Object {
            "date": "Invalid Date",
            "title": "Invalid Date",
          },
          "type": "SECTION",
        },
        Object {
          "item": Object {
            "createdAt": "2019-09-09 12:00",
            "from": "0x0000000000000000000000000000000000000000",
            "to": "0x0000000000000000000000000000000000000000",
            "type": "transactionEvent",
            "value": "0",
          },
          "type": "ITEM",
        },
      ]
    }
    disableVirtualization={false}
    getItem={[Function]}
    getItemCount={[Function]}
    horizontal={false}
    initialNumToRender={7}
    keyExtractor={[Function]}
    maxToRenderPerBatch={10}
    numColumns={1}
    onContentSizeChange={[Function]}
    onEndReachedThreshold={0.5}
    onLayout={[Function]}
    onMomentumScrollEnd={[Function]}
    onScroll={[Function]}
    onScrollBeginDrag={[Function]}
    onScrollEndDrag={[Function]}
    removeClippedSubviews={false}
    renderItem={[Function]}
    scrollEventThrottle={50}
    stickyHeaderIndices={
      Array [
        1,
      ]
    }
    style={
      Array [
        Object {
          "flexBasis": 0,
          "flexGrow": 1,
          "flexShrink": 1,
          "width": "100%",
        },
        undefined,
      ]
    }
    updateCellsBatchingPeriod={50}
    viewabilityConfigCallbackPairs={Array []}
    windowSize={21}
  >
    <View>
      <View
        onLayout={[Function]}
        style={null}
      />
      <View
        onLayout={[Function]}
        style={null}
      />
      <View
        onLayout={[Function]}
        style={null}
      >
        <View
          style={
            Array [
              Object {
                "paddingBottom": 8,
                "paddingLeft": 20,
                "paddingRight": 20,
                "paddingTop": 8,
                "width": "100%",
              },
              undefined,
            ]
          }
        >
          <Text
            style={
              Array [
                Object {
                  "color": "#0A1427",
                  "fontFamily": "EuclidCircularB-Regular",
                  "textAlignVertical": "center",
                },
                Array [
                  Object {
                    "color": "#8B939E",
                    "fontSize": 14,
                    "lineHeight": 22,
                  },
                  undefined,
                ],
              ]
            }
          >
            Invalid Date
          </Text>
        </View>
      </View>
      <View
        onLayout={[Function]}
        style={null}
      >
        <View
          style={
            Array [
              Object {
                "flexDirection": "column",
                "width": "100%",
              },
              undefined,
            ]
          }
        >
          <View
            accessible={true}
            focusable={true}
            isTVSelectable={true}
            onClick={[Function]}
            onResponderGrant={[Function]}
            onResponderMove={[Function]}
            onResponderRelease={[Function]}
            onResponderTerminate={[Function]}
            onResponderTerminationRequest={[Function]}
            onStartShouldSetResponder={[Function]}
            style={
              Object {
                "alignItems": "center",
                "flexDirection": "row",
                "justifyContent": "center",
                "opacity": 1,
                "paddingBottom": 14,
                "paddingLeft": 20,
                "paddingRight": 20,
                "paddingTop": 14,
                "width": "100%",
              }
            }
          >
            <View
              style={
                Array [
                  Object {
                    "alignItems": "center",
                    "justifyContent": "center",
                    "paddingRight": 12,
                  },
                  undefined,
                ]
              }
            >
              <View
                backgroundColor={null}
                diameter={48}
                style={
                  Array [
                    Object {
                      "alignItems": "center",
                      "backgroundColor": "#EBF0F6",
                      "borderRadius": 24,
                      "height": 48,
                      "justifyContent": "center",
                      "overflow": "hidden",
                      "textAlign": "center",
                      "width": 48,
                    },
                    undefined,
                  ]
                }
              >
                <View
                  name="sent"
                  style={
                    Array [
                      Object {
                        "color": "#BD573A",
                        "fontSize": 48,
                      },
                      undefined,
                    ]
                  }
                />
              </View>
            </View>
            <View
              style={
                Object {
                  "flex": 1,
                }
              }
            >
              <View
                style={
                  Array [
                    Object {
                      "alignItems": "center",
                      "flexDirection": "row",
                      "justifyContent": "space-between",
                      "width": "100%",
                    },
                    undefined,
                  ]
                }
                type="ACTION"
              >
                <View
                  style={
                    Array [
                      Object {
                        "alignItems": "flex-start",
                        "flexBasis": 0,
                        "flexDirection": "column",
                        "flexGrow": 1,
                        "flexShrink": 1,
                        "justifyContent": "center",
                        "marginTop": 0,
                        "minHeight": 54,
                      },
                      Object {
                        "flexGrow": 1,
                      },
                    ]
                  }
                  type="ACTION"
                >
                  <View
                    style={
                      Array [
                        Object {
                          "alignItems": "center",
                          "flexDirection": "row",
                          "justifyContent": "space-between",
                        },
                        undefined,
                      ]
                    }
                  >
                    <Text
                      ellipsizeMode="tail"
                      numberOfLines={2}
                      style={
                        Array [
                          Object {
                            "color": "#0A1427",
                            "fontFamily": "EuclidCircularB-Regular",
                            "textAlignVertical": "center",
                          },
                          Array [
                            Object {
                              "color": "#0A1427",
                              "fontFamily": "EuclidCircularB-Medium",
                              "textAlignVertical": "center",
                            },
                            Array [
                              Object {
                                "color": "#0A1427",
                                "fontSize": 18,
                                "lineHeight": 28,
                                "width": "100%",
                              },
                              undefined,
                            ],
                          ],
                        ]
                      }
                      type="ACTION"
                    >
                      0x0000â€¦000000
                    </Text>
                  </View>
                </View>
                <View
                  rightColumn={true}
                  style={
                    Array [
                      Object {
                        "alignItems": "flex-end",
                        "flexDirection": "column",
                        "justifyContent": "center",
                        "marginLeft": 10,
                        "marginTop": 0,
                        "minHeight": 54,
                      },
                      Object {
                        "maxWidth": "50%",
                      },
                    ]
                  }
                  type="ACTION"
                >
                  <View
                    style={
                      Array [
                        undefined,
                        Object {
                          "flexWrap": "wrap",
                        },
                      ]
                    }
                  >
                    <View
                      horizontal={true}
                      style={
                        Array [
                          Object {
                            "flexDirection": "row",
                            "marginBottom": 0,
                            "marginLeft": 0,
                            "marginRight": 0,
                            "marginTop": 0,
                          },
                          Object {
                            "alignItems": "center",
                            "flexWrap": "wrap",
                            "justifyContent": "flex-end",
                          },
                        ]
                      }
                    >
                      <Text
                        color="#0A1427"
                        ellipsizeMode="tail"
                        numberOfLines={2}
                        style={
                          Array [
                            Object {
                              "color": "#0A1427",
                              "fontFamily": "EuclidCircularB-Regular",
                              "textAlignVertical": "center",
                            },
                            Array [
                              Object {
                                "color": "#0A1427",
                                "fontSize": 18,
                                "lineHeight": 28,
                                "textAlign": "right",
                              },
                              undefined,
                            ],
                          ]
                        }
                      >
                         0 undefined
                      </Text>
                    </View>
                  </View>
                </View>
              </View>
            </View>
          </View>
        </View>
      </View>
    </View>
  </RCTScrollView>
</View>
`;
