// Jest Snapshot v1, https://goo.gl/fbAQLP

exports[`IconButton should render IconButton correctly 1`] = `
<View
  accessible={true}
  focusable={false}
  forwardedRef={[Function]}
  onClick={[Function]}
  onResponderGrant={[Function]}
  onResponderMove={[Function]}
  onResponderRelease={[Function]}
  onResponderTerminate={[Function]}
  onResponderTerminationRequest={[Function]}
  onStartShouldSetResponder={[Function]}
  style={
    Object {
      "alignItems": "center",
      "justifyContent": "center",
      "opacity": 1,
      "paddingBottom": 0,
      "paddingLeft": 0,
      "paddingRight": 0,
      "paddingTop": 0,
    }
  }
>
  <View
    name="settings"
    style={
      Object {
        "color": undefined,
        "fontSize": undefined,
        "marginBottom": undefined,
        "marginLeft": undefined,
        "marginRight": undefined,
        "marginTop": undefined,
        "paddingTop": 0,
      }
    }
  />
</View>
`;
