// Jest Snapshot v1, https://goo.gl/fbAQLP

exports[`Modal contact info should render modal correctly 1`] = `
<View>
  <Text
    center={true}
    light={true}
    small={true}
    style={
      Array [
        Object {
          "color": "#0A1427",
          "fontFamily": "EuclidCircularB-Regular",
          "textAlignVertical": "center",
        },
        Array [
          Object {
            "color": "#8B939E",
            "flexWrap": "wrap",
            "fontSize": 16,
            "lineHeight": 24,
            "marginBottom": 5,
            "textAlign": "center",
          },
          undefined,
        ],
      ]
    }
  >
    Allow someone to scan this QR Code to share your contact information with them
  </Text>
  <View
    style={
      Array [
        Object {
          "marginBottom": 50,
          "marginLeft": 0,
          "marginRight": 0,
          "marginTop": 20,
        },
        undefined,
      ]
    }
  >
    <View
      accessible={true}
      isTVSelectable={true}
      onResponderGrant={[Function]}
      onResponderMove={[Function]}
      onResponderRelease={[Function]}
      onResponderTerminate={[Function]}
      onResponderTerminationRequest={[Function]}
      onStartShouldSetResponder={[Function]}
      style={
        Object {
          "alignItems": "center",
          "opacity": 1,
          "paddingVertical": 14,
        }
      }
    >
      <RNSVGSvgView
        bbHeight={180}
        bbWidth={180}
        height={180}
        style={
          Array [
            Object {
              "backgroundColor": "transparent",
              "borderWidth": 0,
            },
            undefined,
            null,
            Object {
              "flex": 0,
              "height": 180,
              "width": 180,
            },
          ]
        }
        width={180}
      >
        <RNSVGGroup
          fill={
            Array [
              0,
              4278190080,
            ]
          }
          fillOpacity={1}
          fillRule={1}
          font={Object {}}
          matrix={
            Array [
              1,
              0,
              0,
              1,
              0,
              0,
            ]
          }
          opacity={1}
          originX={0}
          originY={0}
          propList={Array []}
          rotation={0}
          scaleX={1}
          scaleY={1}
          skewX={0}
          skewY={0}
          stroke={null}
          strokeDasharray={null}
          strokeDashoffset={null}
          strokeLinecap={0}
          strokeLinejoin={0}
          strokeMiterlimit={4}
          strokeOpacity={1}
          strokeWidth={1}
          vectorEffect={0}
          x={0}
          y={0}
        >
          <RNSVGDefs>
            <RNSVGClipPath
              name="clip-wrapper"
            >
              <RNSVGRect
                fill={
                  Array [
                    0,
                    4278190080,
                  ]
                }
                fillOpacity={1}
                fillRule={1}
                height={24}
                matrix={
                  Array [
                    1,
                    0,
                    0,
                    1,
                    0,
                    0,
                  ]
                }
                opacity={1}
                originX={0}
                originY={0}
                propList={Array []}
                rotation={0}
                rx={0}
                ry={0}
                scaleX={1}
                scaleY={1}
                skewX={0}
                skewY={0}
                stroke={null}
                strokeDasharray={null}
                strokeDashoffset={null}
                strokeLinecap={0}
                strokeLinejoin={0}
                strokeMiterlimit={4}
                strokeOpacity={1}
                strokeWidth={1}
                vectorEffect={0}
                width={24}
                x={0}
                y={0}
              />
            </RNSVGClipPath>
            <RNSVGClipPath
              name="clip-logo"
            >
              <RNSVGRect
                fill={
                  Array [
                    0,
                    4278190080,
                  ]
                }
                fillOpacity={1}
                fillRule={1}
                height={20}
                matrix={
                  Array [
                    1,
                    0,
                    0,
                    1,
                    0,
                    0,
                  ]
                }
                opacity={1}
                originX={0}
                originY={0}
                propList={Array []}
                rotation={0}
                rx={0}
                ry={0}
                scaleX={1}
                scaleY={1}
                skewX={0}
                skewY={0}
                stroke={null}
                strokeDasharray={null}
                strokeDashoffset={null}
                strokeLinecap={0}
                strokeLinejoin={0}
                strokeMiterlimit={4}
                strokeOpacity={1}
                strokeWidth={1}
                vectorEffect={0}
                width={20}
                x={0}
                y={0}
              />
            </RNSVGClipPath>
          </RNSVGDefs>
          <RNSVGRect
            fill={
              Array [
                0,
                4294967295,
              ]
            }
            fillOpacity={1}
            fillRule={1}
            height={180}
            matrix={
              Array [
                1,
                0,
                0,
                1,
                0,
                0,
              ]
            }
            opacity={1}
            originX={0}
            originY={0}
            propList={
              Array [
                "fill",
              ]
            }
            rotation={0}
            rx={0}
            ry={0}
            scaleX={1}
            scaleY={1}
            skewX={0}
            skewY={0}
            stroke={null}
            strokeDasharray={null}
            strokeDashoffset={null}
            strokeLinecap={0}
            strokeLinejoin={0}
            strokeMiterlimit={4}
            strokeOpacity={1}
            strokeWidth={1}
            vectorEffect={0}
            width={180}
            x={0}
            y={0}
          />
          <RNSVGPath
            d="M0 2.4324324324324325 L34.054054054054056 2.4324324324324325 M38.91891891891892 2.4324324324324325 L48.648648648648646 2.4324324324324325 M63.24324324324324 2.4324324324324325 L72.97297297297297 2.4324324324324325 M82.70270270270271 2.4324324324324325 L87.56756756756756 2.4324324324324325 M97.29729729729729 2.4324324324324325 L102.16216216216216 2.4324324324324325 M107.02702702702703 2.4324324324324325 L116.75675675675676 2.4324324324324325 M145.94594594594594 2.4324324324324325 L180 2.4324324324324325 M0 7.297297297297297 L4.864864864864865 7.297297297297297 M29.18918918918919 7.297297297297297 L34.054054054054056 7.297297297297297 M38.91891891891892 7.297297297297297 L53.513513513513516 7.297297297297297 M63.24324324324324 7.297297297297297 L68.10810810810811 7.297297297297297 M77.83783783783784 7.297297297297297 L82.70270270270271 7.297297297297297 M92.43243243243244 7.297297297297297 L107.02702702702703 7.297297297297297 M121.62162162162163 7.297297297297297 L126.48648648648648 7.297297297297297 M131.35135135135135 7.297297297297297 L136.21621621621622 7.297297297297297 M145.94594594594594 7.297297297297297 L150.8108108108108 7.297297297297297 M175.13513513513513 7.297297297297297 L180 7.297297297297297 M0 12.162162162162161 L4.864864864864865 12.162162162162161 M9.72972972972973 12.162162162162161 L24.324324324324323 12.162162162162161 M29.18918918918919 12.162162162162161 L34.054054054054056 12.162162162162161 M58.37837837837838 12.162162162162161 L72.97297297297297 12.162162162162161 M77.83783783783784 12.162162162162161 L87.56756756756756 12.162162162162161 M102.16216216216216 12.162162162162161 L111.89189189189189 12.162162162162161 M136.21621621621622 12.162162162162161 L141.0810810810811 12.162162162162161 M145.94594594594594 12.162162162162161 L150.8108108108108 12.162162162162161 M155.67567567567568 12.162162162162161 L170.27027027027026 12.162162162162161 M175.13513513513513 12.162162162162161 L180 12.162162162162161 M0 17.027027027027028 L4.864864864864865 17.027027027027028 M9.72972972972973 17.027027027027028 L24.324324324324323 17.027027027027028 M29.18918918918919 17.027027027027028 L34.054054054054056 17.027027027027028 M38.91891891891892 17.027027027027028 L48.648648648648646 17.027027027027028 M77.83783783783784 17.027027027027028 L87.56756756756756 17.027027027027028 M92.43243243243244 17.027027027027028 L97.29729729729729 17.027027027027028 M102.16216216216216 17.027027027027028 L107.02702702702703 17.027027027027028 M111.89189189189189 17.027027027027028 L116.75675675675676 17.027027027027028 M121.62162162162163 17.027027027027028 L131.35135135135135 17.027027027027028 M145.94594594594594 17.027027027027028 L150.8108108108108 17.027027027027028 M155.67567567567568 17.027027027027028 L170.27027027027026 17.027027027027028 M175.13513513513513 17.027027027027028 L180 17.027027027027028 M0 21.89189189189189 L4.864864864864865 21.89189189189189 M9.72972972972973 21.89189189189189 L24.324324324324323 21.89189189189189 M29.18918918918919 21.89189189189189 L34.054054054054056 21.89189189189189 M48.648648648648646 21.89189189189189 L53.513513513513516 21.89189189189189 M58.37837837837838 21.89189189189189 L63.24324324324324 21.89189189189189 M77.83783783783784 21.89189189189189 L82.70270270270271 21.89189189189189 M111.89189189189189 21.89189189189189 L116.75675675675676 21.89189189189189 M126.48648648648648 21.89189189189189 L141.0810810810811 21.89189189189189 M145.94594594594594 21.89189189189189 L150.8108108108108 21.89189189189189 M155.67567567567568 21.89189189189189 L170.27027027027026 21.89189189189189 M175.13513513513513 21.89189189189189 L180 21.89189189189189 M0 26.756756756756754 L4.864864864864865 26.756756756756754 M29.18918918918919 26.756756756756754 L34.054054054054056 26.756756756756754 M43.78378378378378 26.756756756756754 L53.513513513513516 26.756756756756754 M63.24324324324324 26.756756756756754 L68.10810810810811 26.756756756756754 M72.97297297297297 26.756756756756754 L77.83783783783784 26.756756756756754 M87.56756756756756 26.756756756756754 L92.43243243243244 26.756756756756754 M102.16216216216216 26.756756756756754 L116.75675675675676 26.756756756756754 M121.62162162162163 26.756756756756754 L141.0810810810811 26.756756756756754 M145.94594594594594 26.756756756756754 L150.8108108108108 26.756756756756754 M175.13513513513513 26.756756756756754 L180 26.756756756756754 M0 31.62162162162162 L34.054054054054056 31.62162162162162 M38.91891891891892 31.62162162162162 L43.78378378378378 31.62162162162162 M48.648648648648646 31.62162162162162 L53.513513513513516 31.62162162162162 M58.37837837837838 31.62162162162162 L63.24324324324324 31.62162162162162 M68.10810810810811 31.62162162162162 L72.97297297297297 31.62162162162162 M77.83783783783784 31.62162162162162 L82.70270270270271 31.62162162162162 M87.56756756756756 31.62162162162162 L92.43243243243244 31.62162162162162 M97.29729729729729 31.62162162162162 L102.16216216216216 31.62162162162162 M107.02702702702703 31.62162162162162 L111.89189189189189 31.62162162162162 M116.75675675675676 31.62162162162162 L121.62162162162163 31.62162162162162 M126.48648648648648 31.62162162162162 L131.35135135135135 31.62162162162162 M136.21621621621622 31.62162162162162 L141.0810810810811 31.62162162162162 M145.94594594594594 31.62162162162162 L180 31.62162162162162 M38.91891891891892 36.48648648648649 L43.78378378378378 36.48648648648649 M48.648648648648646 36.48648648648649 L53.513513513513516 36.48648648648649 M68.10810810810811 36.48648648648649 L72.97297297297297 36.48648648648649 M92.43243243243244 36.48648648648649 L97.29729729729729 36.48648648648649 M126.48648648648648 36.48648648648649 L136.21621621621622 36.48648648648649 M0 41.351351351351354 L4.864864864864865 41.351351351351354 M9.72972972972973 41.351351351351354 L19.45945945945946 41.351351351351354 M24.324324324324323 41.351351351351354 L38.91891891891892 41.351351351351354 M43.78378378378378 41.351351351351354 L63.24324324324324 41.351351351351354 M77.83783783783784 41.351351351351354 L97.29729729729729 41.351351351351354 M126.48648648648648 41.351351351351354 L141.0810810810811 41.351351351351354 M145.94594594594594 41.351351351351354 L150.8108108108108 41.351351351351354 M160.54054054054055 41.351351351351354 L165.40540540540542 41.351351351351354 M170.27027027027026 41.351351351351354 L180 41.351351351351354 M14.594594594594595 46.21621621621622 L19.45945945945946 46.21621621621622 M48.648648648648646 46.21621621621622 L53.513513513513516 46.21621621621622 M58.37837837837838 46.21621621621622 L82.70270270270271 46.21621621621622 M87.56756756756756 46.21621621621622 L102.16216216216216 46.21621621621622 M107.02702702702703 46.21621621621622 L116.75675675675676 46.21621621621622 M121.62162162162163 46.21621621621622 L136.21621621621622 46.21621621621622 M141.0810810810811 46.21621621621622 L155.67567567567568 46.21621621621622 M175.13513513513513 46.21621621621622 L180 46.21621621621622 M9.72972972972973 51.08108108108108 L34.054054054054056 51.08108108108108 M38.91891891891892 51.08108108108108 L43.78378378378378 51.08108108108108 M48.648648648648646 51.08108108108108 L63.24324324324324 51.08108108108108 M72.97297297297297 51.08108108108108 L77.83783783783784 51.08108108108108 M82.70270270270271 51.08108108108108 L107.02702702702703 51.08108108108108 M126.48648648648648 51.08108108108108 L136.21621621621622 51.08108108108108 M141.0810810810811 51.08108108108108 L150.8108108108108 51.08108108108108 M155.67567567567568 51.08108108108108 L160.54054054054055 51.08108108108108 M165.40540540540542 51.08108108108108 L170.27027027027026 51.08108108108108 M14.594594594594595 55.94594594594595 L19.45945945945946 55.94594594594595 M34.054054054054056 55.94594594594595 L38.91891891891892 55.94594594594595 M43.78378378378378 55.94594594594595 L48.648648648648646 55.94594594594595 M53.513513513513516 55.94594594594595 L58.37837837837838 55.94594594594595 M63.24324324324324 55.94594594594595 L77.83783783783784 55.94594594594595 M97.29729729729729 55.94594594594595 L102.16216216216216 55.94594594594595 M107.02702702702703 55.94594594594595 L116.75675675675676 55.94594594594595 M121.62162162162163 55.94594594594595 L126.48648648648648 55.94594594594595 M131.35135135135135 55.94594594594595 L141.0810810810811 55.94594594594595 M150.8108108108108 55.94594594594595 L165.40540540540542 55.94594594594595 M0 60.810810810810814 L4.864864864864865 60.810810810810814 M9.72972972972973 60.810810810810814 L24.324324324324323 60.810810810810814 M29.18918918918919 60.810810810810814 L34.054054054054056 60.810810810810814 M43.78378378378378 60.810810810810814 L48.648648648648646 60.810810810810814 M53.513513513513516 60.810810810810814 L63.24324324324324 60.810810810810814 M68.10810810810811 60.810810810810814 L72.97297297297297 60.810810810810814 M77.83783783783784 60.810810810810814 L87.56756756756756 60.810810810810814 M92.43243243243244 60.810810810810814 L97.29729729729729 60.810810810810814 M107.02702702702703 60.810810810810814 L111.89189189189189 60.810810810810814 M116.75675675675676 60.810810810810814 L136.21621621621622 60.810810810810814 M141.0810810810811 60.810810810810814 L145.94594594594594 60.810810810810814 M155.67567567567568 60.810810810810814 L180 60.810810810810814 M19.45945945945946 65.67567567567568 L29.18918918918919 65.67567567567568 M34.054054054054056 65.67567567567568 L38.91891891891892 65.67567567567568 M43.78378378378378 65.67567567567568 L68.10810810810811 65.67567567567568 M72.97297297297297 65.67567567567568 L82.70270270270271 65.67567567567568 M87.56756756756756 65.67567567567568 L97.29729729729729 65.67567567567568 M102.16216216216216 65.67567567567568 L116.75675675675676 65.67567567567568 M136.21621621621622 65.67567567567568 L145.94594594594594 65.67567567567568 M150.8108108108108 65.67567567567568 L155.67567567567568 65.67567567567568 M160.54054054054055 65.67567567567568 L180 65.67567567567568 M29.18918918918919 70.54054054054055 L43.78378378378378 70.54054054054055 M48.648648648648646 70.54054054054055 L53.513513513513516 70.54054054054055 M63.24324324324324 70.54054054054055 L68.10810810810811 70.54054054054055 M77.83783783783784 70.54054054054055 L82.70270270270271 70.54054054054055 M107.02702702702703 70.54054054054055 L116.75675675675676 70.54054054054055 M121.62162162162163 70.54054054054055 L180 70.54054054054055 M0 75.4054054054054 L14.594594594594595 75.4054054054054 M19.45945945945946 75.4054054054054 L24.324324324324323 75.4054054054054 M34.054054054054056 75.4054054054054 L38.91891891891892 75.4054054054054 M43.78378378378378 75.4054054054054 L63.24324324324324 75.4054054054054 M72.97297297297297 75.4054054054054 L77.83783783783784 75.4054054054054 M82.70270270270271 75.4054054054054 L97.29729729729729 75.4054054054054 M121.62162162162163 75.4054054054054 L126.48648648648648 75.4054054054054 M131.35135135135135 75.4054054054054 L136.21621621621622 75.4054054054054 M145.94594594594594 75.4054054054054 L150.8108108108108 75.4054054054054 M160.54054054054055 75.4054054054054 L165.40540540540542 75.4054054054054 M0 80.27027027027027 L9.72972972972973 80.27027027027027 M19.45945945945946 80.27027027027027 L34.054054054054056 80.27027027027027 M38.91891891891892 80.27027027027027 L63.24324324324324 80.27027027027027 M72.97297297297297 80.27027027027027 L82.70270270270271 80.27027027027027 M87.56756756756756 80.27027027027027 L97.29729729729729 80.27027027027027 M102.16216216216216 80.27027027027027 L111.89189189189189 80.27027027027027 M116.75675675675676 80.27027027027027 L126.48648648648648 80.27027027027027 M131.35135135135135 80.27027027027027 L136.21621621621622 80.27027027027027 M145.94594594594594 80.27027027027027 L150.8108108108108 80.27027027027027 M160.54054054054055 80.27027027027027 L180 80.27027027027027 M9.72972972972973 85.13513513513514 L14.594594594594595 85.13513513513514 M24.324324324324323 85.13513513513514 L29.18918918918919 85.13513513513514 M38.91891891891892 85.13513513513514 L43.78378378378378 85.13513513513514 M63.24324324324324 85.13513513513514 L68.10810810810811 85.13513513513514 M77.83783783783784 85.13513513513514 L82.70270270270271 85.13513513513514 M92.43243243243244 85.13513513513514 L102.16216216216216 85.13513513513514 M107.02702702702703 85.13513513513514 L111.89189189189189 85.13513513513514 M116.75675675675676 85.13513513513514 L126.48648648648648 85.13513513513514 M136.21621621621622 85.13513513513514 L141.0810810810811 85.13513513513514 M155.67567567567568 85.13513513513514 L160.54054054054055 85.13513513513514 M0 90 L4.864864864864865 90 M14.594594594594595 90 L19.45945945945946 90 M29.18918918918919 90 L34.054054054054056 90 M38.91891891891892 90 L48.648648648648646 90 M72.97297297297297 90 L87.56756756756756 90 M92.43243243243244 90 L97.29729729729729 90 M102.16216216216216 90 L131.35135135135135 90 M155.67567567567568 90 L165.40540540540542 90 M170.27027027027026 90 L175.13513513513513 90 M0 94.86486486486487 L4.864864864864865 94.86486486486487 M34.054054054054056 94.86486486486487 L38.91891891891892 94.86486486486487 M43.78378378378378 94.86486486486487 L68.10810810810811 94.86486486486487 M92.43243243243244 94.86486486486487 L97.29729729729729 94.86486486486487 M102.16216216216216 94.86486486486487 L107.02702702702703 94.86486486486487 M116.75675675675676 94.86486486486487 L160.54054054054055 94.86486486486487 M165.40540540540542 94.86486486486487 L180 94.86486486486487 M0 99.72972972972973 L4.864864864864865 99.72972972972973 M9.72972972972973 99.72972972972973 L14.594594594594595 99.72972972972973 M29.18918918918919 99.72972972972973 L34.054054054054056 99.72972972972973 M38.91891891891892 99.72972972972973 L53.513513513513516 99.72972972972973 M68.10810810810811 99.72972972972973 L72.97297297297297 99.72972972972973 M92.43243243243244 99.72972972972973 L97.29729729729729 99.72972972972973 M102.16216216216216 99.72972972972973 L107.02702702702703 99.72972972972973 M116.75675675675676 99.72972972972973 L126.48648648648648 99.72972972972973 M136.21621621621622 99.72972972972973 L150.8108108108108 99.72972972972973 M165.40540540540542 99.72972972972973 L180 99.72972972972973 M4.864864864864865 104.5945945945946 L9.72972972972973 104.5945945945946 M24.324324324324323 104.5945945945946 L29.18918918918919 104.5945945945946 M34.054054054054056 104.5945945945946 L43.78378378378378 104.5945945945946 M63.24324324324324 104.5945945945946 L77.83783783783784 104.5945945945946 M87.56756756756756 104.5945945945946 L97.29729729729729 104.5945945945946 M116.75675675675676 104.5945945945946 L131.35135135135135 104.5945945945946 M136.21621621621622 104.5945945945946 L141.0810810810811 104.5945945945946 M155.67567567567568 104.5945945945946 L165.40540540540542 104.5945945945946 M175.13513513513513 104.5945945945946 L180 104.5945945945946 M9.72972972972973 109.45945945945947 L34.054054054054056 109.45945945945947 M38.91891891891892 109.45945945945947 L48.648648648648646 109.45945945945947 M53.513513513513516 109.45945945945947 L58.37837837837838 109.45945945945947 M72.97297297297297 109.45945945945947 L77.83783783783784 109.45945945945947 M82.70270270270271 109.45945945945947 L102.16216216216216 109.45945945945947 M126.48648648648648 109.45945945945947 L136.21621621621622 109.45945945945947 M155.67567567567568 109.45945945945947 L170.27027027027026 109.45945945945947 M175.13513513513513 109.45945945945947 L180 109.45945945945947 M4.864864864864865 114.32432432432432 L9.72972972972973 114.32432432432432 M14.594594594594595 114.32432432432432 L29.18918918918919 114.32432432432432 M34.054054054054056 114.32432432432432 L38.91891891891892 114.32432432432432 M43.78378378378378 114.32432432432432 L48.648648648648646 114.32432432432432 M53.513513513513516 114.32432432432432 L58.37837837837838 114.32432432432432 M63.24324324324324 114.32432432432432 L87.56756756756756 114.32432432432432 M92.43243243243244 114.32432432432432 L97.29729729729729 114.32432432432432 M102.16216216216216 114.32432432432432 L121.62162162162163 114.32432432432432 M136.21621621621622 114.32432432432432 L141.0810810810811 114.32432432432432 M145.94594594594594 114.32432432432432 L160.54054054054055 114.32432432432432 M165.40540540540542 114.32432432432432 L170.27027027027026 114.32432432432432 M9.72972972972973 119.1891891891892 L14.594594594594595 119.1891891891892 M19.45945945945946 119.1891891891892 L38.91891891891892 119.1891891891892 M43.78378378378378 119.1891891891892 L53.513513513513516 119.1891891891892 M63.24324324324324 119.1891891891892 L68.10810810810811 119.1891891891892 M72.97297297297297 119.1891891891892 L77.83783783783784 119.1891891891892 M82.70270270270271 119.1891891891892 L87.56756756756756 119.1891891891892 M92.43243243243244 119.1891891891892 L97.29729729729729 119.1891891891892 M102.16216216216216 119.1891891891892 L111.89189189189189 119.1891891891892 M116.75675675675676 119.1891891891892 L121.62162162162163 119.1891891891892 M126.48648648648648 119.1891891891892 L131.35135135135135 119.1891891891892 M136.21621621621622 119.1891891891892 L145.94594594594594 119.1891891891892 M155.67567567567568 119.1891891891892 L160.54054054054055 119.1891891891892 M165.40540540540542 119.1891891891892 L170.27027027027026 119.1891891891892 M4.864864864864865 124.05405405405406 L24.324324324324323 124.05405405405406 M38.91891891891892 124.05405405405406 L63.24324324324324 124.05405405405406 M68.10810810810811 124.05405405405406 L72.97297297297297 124.05405405405406 M77.83783783783784 124.05405405405406 L82.70270270270271 124.05405405405406 M87.56756756756756 124.05405405405406 L92.43243243243244 124.05405405405406 M97.29729729729729 124.05405405405406 L107.02702702702703 124.05405405405406 M111.89189189189189 124.05405405405406 L116.75675675675676 124.05405405405406 M121.62162162162163 124.05405405405406 L141.0810810810811 124.05405405405406 M150.8108108108108 124.05405405405406 L155.67567567567568 124.05405405405406 M175.13513513513513 124.05405405405406 L180 124.05405405405406 M4.864864864864865 128.9189189189189 L9.72972972972973 128.9189189189189 M14.594594594594595 128.9189189189189 L19.45945945945946 128.9189189189189 M24.324324324324323 128.9189189189189 L53.513513513513516 128.9189189189189 M72.97297297297297 128.9189189189189 L87.56756756756756 128.9189189189189 M107.02702702702703 128.9189189189189 L116.75675675675676 128.9189189189189 M121.62162162162163 128.9189189189189 L131.35135135135135 128.9189189189189 M136.21621621621622 128.9189189189189 L145.94594594594594 128.9189189189189 M150.8108108108108 128.9189189189189 L160.54054054054055 128.9189189189189 M165.40540540540542 128.9189189189189 L170.27027027027026 128.9189189189189 M175.13513513513513 128.9189189189189 L180 128.9189189189189 M0 133.78378378378378 L4.864864864864865 133.78378378378378 M58.37837837837838 133.78378378378378 L72.97297297297297 133.78378378378378 M77.83783783783784 133.78378378378378 L92.43243243243244 133.78378378378378 M116.75675675675676 133.78378378378378 L126.48648648648648 133.78378378378378 M155.67567567567568 133.78378378378378 L160.54054054054055 133.78378378378378 M165.40540540540542 133.78378378378378 L170.27027027027026 133.78378378378378 M175.13513513513513 133.78378378378378 L180 133.78378378378378 M9.72972972972973 138.64864864864865 L34.054054054054056 138.64864864864865 M53.513513513513516 138.64864864864865 L58.37837837837838 138.64864864864865 M63.24324324324324 138.64864864864865 L87.56756756756756 138.64864864864865 M92.43243243243244 138.64864864864865 L102.16216216216216 138.64864864864865 M107.02702702702703 138.64864864864865 L111.89189189189189 138.64864864864865 M116.75675675675676 138.64864864864865 L121.62162162162163 138.64864864864865 M126.48648648648648 138.64864864864865 L160.54054054054055 138.64864864864865 M165.40540540540542 138.64864864864865 L170.27027027027026 138.64864864864865 M38.91891891891892 143.51351351351352 L48.648648648648646 143.51351351351352 M53.513513513513516 143.51351351351352 L72.97297297297297 143.51351351351352 M77.83783783783784 143.51351351351352 L82.70270270270271 143.51351351351352 M87.56756756756756 143.51351351351352 L92.43243243243244 143.51351351351352 M97.29729729729729 143.51351351351352 L111.89189189189189 143.51351351351352 M126.48648648648648 143.51351351351352 L141.0810810810811 143.51351351351352 M155.67567567567568 143.51351351351352 L165.40540540540542 143.51351351351352 M175.13513513513513 143.51351351351352 L180 143.51351351351352 M0 148.37837837837836 L34.054054054054056 148.37837837837836 M38.91891891891892 148.37837837837836 L48.648648648648646 148.37837837837836 M58.37837837837838 148.37837837837836 L68.10810810810811 148.37837837837836 M82.70270270270271 148.37837837837836 L97.29729729729729 148.37837837837836 M111.89189189189189 148.37837837837836 L126.48648648648648 148.37837837837836 M131.35135135135135 148.37837837837836 L141.0810810810811 148.37837837837836 M145.94594594594594 148.37837837837836 L150.8108108108108 148.37837837837836 M155.67567567567568 148.37837837837836 L175.13513513513513 148.37837837837836 M0 153.24324324324323 L4.864864864864865 153.24324324324323 M29.18918918918919 153.24324324324323 L34.054054054054056 153.24324324324323 M38.91891891891892 153.24324324324323 L43.78378378378378 153.24324324324323 M58.37837837837838 153.24324324324323 L63.24324324324324 153.24324324324323 M68.10810810810811 153.24324324324323 L77.83783783783784 153.24324324324323 M82.70270270270271 153.24324324324323 L87.56756756756756 153.24324324324323 M92.43243243243244 153.24324324324323 L97.29729729729729 153.24324324324323 M102.16216216216216 153.24324324324323 L107.02702702702703 153.24324324324323 M116.75675675675676 153.24324324324323 L141.0810810810811 153.24324324324323 M155.67567567567568 153.24324324324323 L160.54054054054055 153.24324324324323 M165.40540540540542 153.24324324324323 L175.13513513513513 153.24324324324323 M0 158.1081081081081 L4.864864864864865 158.1081081081081 M9.72972972972973 158.1081081081081 L24.324324324324323 158.1081081081081 M29.18918918918919 158.1081081081081 L34.054054054054056 158.1081081081081 M43.78378378378378 158.1081081081081 L63.24324324324324 158.1081081081081 M68.10810810810811 158.1081081081081 L72.97297297297297 158.1081081081081 M77.83783783783784 158.1081081081081 L97.29729729729729 158.1081081081081 M102.16216216216216 158.1081081081081 L107.02702702702703 158.1081081081081 M126.48648648648648 158.1081081081081 L131.35135135135135 158.1081081081081 M136.21621621621622 158.1081081081081 L175.13513513513513 158.1081081081081 M0 162.97297297297297 L4.864864864864865 162.97297297297297 M9.72972972972973 162.97297297297297 L24.324324324324323 162.97297297297297 M29.18918918918919 162.97297297297297 L34.054054054054056 162.97297297297297 M38.91891891891892 162.97297297297297 L43.78378378378378 162.97297297297297 M48.648648648648646 162.97297297297297 L58.37837837837838 162.97297297297297 M63.24324324324324 162.97297297297297 L68.10810810810811 162.97297297297297 M72.97297297297297 162.97297297297297 L77.83783783783784 162.97297297297297 M82.70270270270271 162.97297297297297 L87.56756756756756 162.97297297297297 M92.43243243243244 162.97297297297297 L102.16216216216216 162.97297297297297 M111.89189189189189 162.97297297297297 L116.75675675675676 162.97297297297297 M131.35135135135135 162.97297297297297 L136.21621621621622 162.97297297297297 M141.0810810810811 162.97297297297297 L145.94594594594594 162.97297297297297 M160.54054054054055 162.97297297297297 L170.27027027027026 162.97297297297297 M175.13513513513513 162.97297297297297 L180 162.97297297297297 M0 167.83783783783784 L4.864864864864865 167.83783783783784 M9.72972972972973 167.83783783783784 L24.324324324324323 167.83783783783784 M29.18918918918919 167.83783783783784 L34.054054054054056 167.83783783783784 M38.91891891891892 167.83783783783784 L48.648648648648646 167.83783783783784 M63.24324324324324 167.83783783783784 L72.97297297297297 167.83783783783784 M92.43243243243244 167.83783783783784 L107.02702702702703 167.83783783783784 M121.62162162162163 167.83783783783784 L131.35135135135135 167.83783783783784 M136.21621621621622 167.83783783783784 L150.8108108108108 167.83783783783784 M170.27027027027026 167.83783783783784 L175.13513513513513 167.83783783783784 M0 172.70270270270268 L4.864864864864865 172.70270270270268 M29.18918918918919 172.70270270270268 L34.054054054054056 172.70270270270268 M53.513513513513516 172.70270270270268 L58.37837837837838 172.70270270270268 M63.24324324324324 172.70270270270268 L68.10810810810811 172.70270270270268 M72.97297297297297 172.70270270270268 L77.83783783783784 172.70270270270268 M82.70270270270271 172.70270270270268 L87.56756756756756 172.70270270270268 M97.29729729729729 172.70270270270268 L121.62162162162163 172.70270270270268 M131.35135135135135 172.70270270270268 L150.8108108108108 172.70270270270268 M160.54054054054055 172.70270270270268 L165.40540540540542 172.70270270270268 M175.13513513513513 172.70270270270268 L180 172.70270270270268 M0 177.56756756756755 L34.054054054054056 177.56756756756755 M38.91891891891892 177.56756756756755 L48.648648648648646 177.56756756756755 M58.37837837837838 177.56756756756755 L77.83783783783784 177.56756756756755 M87.56756756756756 177.56756756756755 L92.43243243243244 177.56756756756755 M107.02702702702703 177.56756756756755 L111.89189189189189 177.56756756756755 M116.75675675675676 177.56756756756755 L121.62162162162163 177.56756756756755 M136.21621621621622 177.56756756756755 L141.0810810810811 177.56756756756755 M150.8108108108108 177.56756756756755 L165.40540540540542 177.56756756756755 M175.13513513513513 177.56756756756755 L180 177.56756756756755 "
            fill={
              Array [
                0,
                4278190080,
              ]
            }
            fillOpacity={1}
            fillRule={1}
            matrix={
              Array [
                1,
                0,
                0,
                1,
                0,
                0,
              ]
            }
            opacity={1}
            originX={0}
            originY={0}
            propList={
              Array [
                "stroke",
                "strokeWidth",
              ]
            }
            rotation={0}
            scaleX={1}
            scaleY={1}
            skewX={0}
            skewY={0}
            stroke={
              Array [
                0,
                4278190080,
              ]
            }
            strokeDasharray={null}
            strokeDashoffset={null}
            strokeLinecap={0}
            strokeLinejoin={0}
            strokeMiterlimit={4}
            strokeOpacity={1}
            strokeWidth={4.864864864864865}
            vectorEffect={0}
            x={0}
            y={0}
          />
        </RNSVGGroup>
      </RNSVGSvgView>
      <View
        style={
          Array [
            Object {
              "marginTop": 40,
            },
            undefined,
          ]
        }
      >
        <Text
          center={true}
          light={true}
          small={true}
          style={
            Array [
              Object {
                "color": "#0A1427",
                "fontFamily": "EuclidCircularB-Regular",
                "textAlignVertical": "center",
              },
              Array [
                Object {
                  "color": "#8B939E",
                  "flexWrap": "wrap",
                  "fontSize": 16,
                  "lineHeight": 24,
                  "marginBottom": 5,
                  "textAlign": "center",
                },
                undefined,
              ],
            ]
          }
        >
          Or press to share
        </Text>
      </View>
    </View>
  </View>
</View>
`;
